EN multiplica NULL C:/Users/calazans/Desktop/MIPS_multi_mult/MIPS_S_V0/multi_div.vhd sub00/vhpl00 1288971135
EN divide NULL C:/Users/calazans/Desktop/MIPS_multi_mult/MIPS_S_V0/multi_div.vhd sub00/vhpl02 1288971137
AR multiplica rtl C:/Users/calazans/Desktop/MIPS_multi_mult/MIPS_S_V0/multi_div.vhd sub00/vhpl01 1288971136
EN mult_div_tb NULL C:/Users/calazans/Desktop/MIPS_multi_mult/MIPS_S_V0/multi_div.vhd sub00/vhpl04 1288971139
AR divide rtl C:/Users/calazans/Desktop/MIPS_multi_mult/MIPS_S_V0/multi_div.vhd sub00/vhpl03 1288971138
