V3 27
PH work/p_MRstd 0 \
      FL C:/Users/calazans/Desktop/MIPS_multi_mult/MIPS_S_V0/mips_multiciclo.vhd \
      PB ieee/std_logic_1164 1217055545
EN work/regnbit 0 \
      FL C:/Users/calazans/Desktop/MIPS_multi_mult/MIPS_S_V0/mips_multiciclo.vhd \
      PB ieee/std_logic_1164 1217055545
AR work/regnbit/regn 0 \
      FL C:/Users/calazans/Desktop/MIPS_multi_mult/MIPS_S_V0/mips_multiciclo.vhd \
      EN work/regnbit 0
EN work/reg_bank 0 \
      FL C:/Users/calazans/Desktop/MIPS_multi_mult/MIPS_S_V0/mips_multiciclo.vhd \
      PB ieee/std_logic_1164 1217055545 PB ieee/STD_LOGIC_UNSIGNED 1217055547 \
      PH work/p_MRstd 0
AR work/reg_bank/reg_bank 0 \
      FL C:/Users/calazans/Desktop/MIPS_multi_mult/MIPS_S_V0/mips_multiciclo.vhd \
      EN work/reg_bank 0 CP work/regnbit
EN work/alu 0 \
      FL C:/Users/calazans/Desktop/MIPS_multi_mult/MIPS_S_V0/mips_multiciclo.vhd \
      PB ieee/std_logic_1164 1217055545 PB ieee/STD_LOGIC_UNSIGNED 1217055547 \
      PB ieee/std_logic_arith 1217055546 PH work/p_MRstd 0
AR work/alu/alu 0 \
      FL C:/Users/calazans/Desktop/MIPS_multi_mult/MIPS_S_V0/mips_multiciclo.vhd \
      EN work/alu 0 PB ieee/STD_LOGIC_SIGNED 1217055547
EN work/datapath 0 \
      FL C:/Users/calazans/Desktop/MIPS_multi_mult/MIPS_S_V0/mips_multiciclo.vhd \
      PB ieee/std_logic_1164 1217055545 PB ieee/STD_LOGIC_SIGNED 1217055547 \
      PB ieee/std_logic_arith 1217055546 PH work/p_MRstd 0
AR work/datapath/datapath 0 \
      FL C:/Users/calazans/Desktop/MIPS_multi_mult/MIPS_S_V0/mips_multiciclo.vhd \
      EN work/datapath 0 CP work/regnbit AR work/reg_bank/reg_bank 0 CP work/alu \
      CP work/multiplica
EN work/control_unit 0 \
      FL C:/Users/calazans/Desktop/MIPS_multi_mult/MIPS_S_V0/mips_multiciclo.vhd \
      PB ieee/std_logic_1164 1217055545 PH work/p_MRstd 0
AR work/control_unit/control_unit 0 \
      FL C:/Users/calazans/Desktop/MIPS_multi_mult/MIPS_S_V0/mips_multiciclo.vhd \
      EN work/control_unit 0
EN work/MRstd 0 \
      FL C:/Users/calazans/Desktop/MIPS_multi_mult/MIPS_S_V0/mips_multiciclo.vhd \
      PB ieee/std_logic_1164 1217055545 PH work/p_MRstd 0
AR work/MRstd/MRstd 0 \
      FL C:/Users/calazans/Desktop/MIPS_multi_mult/MIPS_S_V0/mips_multiciclo.vhd \
      EN work/MRstd 0 CP work/datapath CP work/control_unit
EN work/multiplica 0 \
      FL C:/Users/calazans/Desktop/MIPS_multi_mult/MIPS_S_V0/multi_div.vhd \
      PB ieee/std_logic_1164 1217055545 PB ieee/STD_LOGIC_UNSIGNED 1217055547
AR work/multiplica/rtl 0 \
      FL C:/Users/calazans/Desktop/MIPS_multi_mult/MIPS_S_V0/multi_div.vhd \
      EN work/multiplica 0
EN work/divide 0 \
      FL C:/Users/calazans/Desktop/MIPS_multi_mult/MIPS_S_V0/multi_div.vhd \
      PB ieee/std_logic_1164 1217055545 PB ieee/STD_LOGIC_UNSIGNED 1217055547
AR work/divide/rtl 0 \
      FL C:/Users/calazans/Desktop/MIPS_multi_mult/MIPS_S_V0/multi_div.vhd \
      EN work/divide 0
EN work/mult_div_tb 0 \
      FL C:/Users/calazans/Desktop/MIPS_multi_mult/MIPS_S_V0/multi_div.vhd \
      PB ieee/std_logic_1164 1217055545 PB ieee/STD_LOGIC_UNSIGNED 1217055547
AR work/mult_div_tb/a1 0 \
      FL C:/Users/calazans/Desktop/MIPS_multi_mult/MIPS_S_V0/multi_div.vhd \
      EN work/mult_div_tb 0 CP work/divide CP work/multiplica
